// Jest Snapshot v1, https://goo.gl/fbAQLP

exports[`Register Button snapshot 1`] = `
<div
  className="container"
>
  <h3>
    登録
  </h3>
  <p>
    
  </p>
  <form
    className="form"
    onSubmit={[Function]}
  >
    <div
      className="form-group"
    >
      <label
        className="form-label"
        data-testid="label"
        htmlFor="Name"
      >
        Name
      </label>
      <input
        className="form-control"
        data-testid="Name-input"
        id="Name"
        name="name"
        onChange={[Function]}
        type="text"
        value=""
      />
    </div>
    <div
      className="form-group"
    >
      <label
        className="form-label"
        data-testid="label"
        htmlFor="Email"
      >
        Email
      </label>
      <input
        className="form-control"
        data-testid="Email-input"
        id="Email"
        name="email"
        onChange={[Function]}
        type="text"
        value=""
      />
    </div>
    <div
      data-testid="email-warning"
    >
      <p>
        Email 形式で入力してください。
      </p>
    </div>
    <div
      className="form-group"
    >
      <label
        className="form-label"
        data-testid="label"
        htmlFor="Password"
      >
        Password
      </label>
      <input
        className="form-control"
        data-testid="Password-input"
        id="Password"
        name="password"
        onChange={[Function]}
        type="password"
        value=""
      />
    </div>
    <div
      data-testid="password-warning"
    >
      <p>
        パスワードを入力してください。
      </p>
    </div>
    <button
      className="btn btn-primary"
      disabled={true}
      type="submit"
    >
      Register
    </button>
  </form>
</div>
`;
