// Jest Snapshot v1, https://goo.gl/fbAQLP

exports[`GlobalNav snapshot 1`] = `
<nav>
  <ul
    data-testid="nav"
  >
    <a
      href="/"
      onClick={[Function]}
    >
      <li>
        Top
      </li>
    </a>
    <a
      href="/about"
      onClick={[Function]}
    >
      <li>
        About
      </li>
    </a>
    <a
      href=""
      onClick={[Function]}
    >
      <li>
        Logout
      </li>
    </a>
  </ul>
</nav>
`;
