// Jest Snapshot v1, https://goo.gl/fbAQLP

exports[`Group snapshot 1`] = `
Array [
  <ul
    className="group"
  >
    <li
      className="group__item"
      data-testid="group1"
    >
      <a
        className="group__link"
        data-testid="group1-link"
        href="/groups/1"
        onClick={[Function]}
      >
        <span
          className="ml-2"
        >
          hoge
        </span>
      </a>
    </li>
    <li
      className="group__item"
      data-testid="group2"
    >
      <a
        className="group__link"
        data-testid="group2-link"
        href="/groups/2"
        onClick={[Function]}
      >
        <span
          className="ml-2"
        >
          piyo
        </span>
      </a>
    </li>
  </ul>,
  <button
    className="btn btn-primary"
    onClick={[Function]}
  >
    新しいグループを追加
  </button>,
]
`;
