// Jest Snapshot v1, https://goo.gl/fbAQLP

exports[`Message snapshot 1`] = `
Array [
  <h2
    className="h2"
  >
    
    <button
      className="MuiButtonBase-root MuiIconButton-root MuiIconButton-sizeMedium css-78trlr-MuiButtonBase-root-MuiIconButton-root"
      data-testid="edit-button"
      disabled={false}
      onBlur={[Function]}
      onClick={[MockFunction]}
      onContextMenu={[Function]}
      onDragLeave={[Function]}
      onFocus={[Function]}
      onKeyDown={[Function]}
      onKeyUp={[Function]}
      onMouseDown={[Function]}
      onMouseLeave={[Function]}
      onMouseUp={[Function]}
      onTouchEnd={[Function]}
      onTouchMove={[Function]}
      onTouchStart={[Function]}
      tabIndex={0}
      type="button"
    >
      <svg
        aria-hidden={true}
        className="MuiSvgIcon-root MuiSvgIcon-fontSizeMedium css-i4bv87-MuiSvgIcon-root"
        data-testid="ModeEditIcon"
        focusable="false"
        viewBox="0 0 24 24"
      >
        <path
          d="M3 17.25V21h3.75L17.81 9.94l-3.75-3.75L3 17.25zM20.71 7.04c.39-.39.39-1.02 0-1.41l-2.34-2.34a.9959.9959 0 0 0-1.41 0l-1.83 1.83 3.75 3.75 1.83-1.83z"
        />
      </svg>
    </button>
  </h2>,
  <div
    className="MuiBox-root css-x0kdyz"
  >
    <p
      className="message__note"
    >
      ここが「
      
      」の先頭です。
    </p>
    <div
      className="message__item"
    >
      <div
        className="MuiGrid-root MuiGrid-container MuiGrid-spacing-xs-undefined css-11lq3yg-MuiGrid-root"
      >
        <div
          className="MuiAvatar-root MuiAvatar-circular MuiAvatar-colorDefault css-qjgvr5-MuiAvatar-root"
          data-testid="user-name"
          title="hoge"
        >
          h
        </div>
        <div
          className="MuiBox-root css-1ynyhby"
        >
          <div
            className="MuiBox-root css-1spkyxa"
          >
            hoge
          </div>
          <div
            className="MuiBox-root css-1lxptm7"
          >
            1900-01-01
          </div>
        </div>
      </div>
      <p>
        fugafuga
        <br />
      </p>
    </div>
    
    <div
      className="scroll-btn"
    >
      <button
        className="MuiButtonBase-root MuiIconButton-root MuiIconButton-sizeLarge css-mf1cb5-MuiButtonBase-root-MuiIconButton-root"
        data-testid="scroll-btn"
        disabled={false}
        onBlur={[Function]}
        onClick={[Function]}
        onContextMenu={[Function]}
        onDragLeave={[Function]}
        onFocus={[Function]}
        onKeyDown={[Function]}
        onKeyUp={[Function]}
        onMouseDown={[Function]}
        onMouseLeave={[Function]}
        onMouseUp={[Function]}
        onTouchEnd={[Function]}
        onTouchMove={[Function]}
        onTouchStart={[Function]}
        tabIndex={0}
        type="button"
      >
        <svg
          aria-hidden={true}
          className="MuiSvgIcon-root MuiSvgIcon-fontSizeLarge css-tzssek-MuiSvgIcon-root"
          data-testid="KeyboardArrowDownIcon"
          focusable="false"
          viewBox="0 0 24 24"
        >
          <path
            d="M7.41 8.59 12 13.17l4.59-4.58L18 10l-6 6-6-6 1.41-1.41z"
          />
        </svg>
      </button>
    </div>
  </div>,
]
`;
