// Jest Snapshot v1, https://goo.gl/fbAQLP

exports[`Message snapshot 1`] = `
Array [
  <button
    className="btn btn-primary"
    onClick={[Function]}
  >
    グループを編集
  </button>,
  <h2
    className="h2"
  >
    hoge
  </h2>,
  <div
    className="message"
  >
    <p
      className="message__note"
    >
      ここが「
      
      」の先頭です。
    </p>
    <div
      className="message__item"
    >
      <div>
        <strong
          className="mr-1"
        >
          hoge
        </strong>
        <small>
          1900-01-01
        </small>
      </div>
      <p>
        fugafuga
        <br />
      </p>
    </div>
    
    <div
      className="scroll-btn"
    >
      <a
        className="scroll-btn__item"
        data-testid="scroll-btn"
        onClick={[Function]}
      >
        <i
          className="fa fa-arrow  fa-arrow-circle-down fa-4x"
        />
      </a>
    </div>
  </div>,
]
`;
