// Jest Snapshot v1, https://goo.gl/fbAQLP

exports[`PostForm snapshot 1`] = `
<form
  className="form post-form mt-1"
  onSubmit={[Function]}
>
  <textarea
    autoFocus={true}
    className="post-form__input"
    data-testid="textarea"
    name="content"
    onChange={[Function]}
    onKeyUp={[Function]}
    value="Hello"
  />
  <button
    className="btn btn-primary mx-1 align-top"
    type="button"
  >
    投稿
  </button>
</form>
`;
